var
${VAR}
$${VAR}
$$${VAR}
start var end
start ${VAR} end
start $${VAR} end
start $$${VAR} end
